npm warn Unknown env config "devdir". This will stop working in the next major version of npm.

 Quartz v4.4.0 

(node:23956) [DEP0040] DeprecationWarning: The `punycode` module is deprecated. Please use a userland alternative instead.
(Use `node --trace-deprecation ...` to show where the warning was created)
Cleaned output directory `public` in 14ms
Found 128 input files from `content` in 15ms
[2K[1GParsed 128 Markdown files in 887ms
Filtered out 27 files in 195μs
[2K[1GEmitted 186 files to `public` in 276ms
Done processing 128 files in 1s
Started a Quartz server listening at http://localhost:8080
hint: exit with ctrl+c
[200] /
[200] /
[200] /index.css
[200] /prescript.js
[200] /postscript.js
[200] /static/contentIndex.json
[200] /static/icon.png
[200] /
[200] /index.css
[200] /prescript.js
[200] /postscript.js
[200] /static/contentIndex.json
[200] /static/icon.png
[302] /tags -> /tags/
[200] /tags/
[200] /index.css
[200] /prescript.js
[200] /postscript.js
[200] /static/contentIndex.json
[200] /static/icon.png
[200] /tags/
[200] /index.css
[200] /prescript.js
[200] /postscript.js
[200] /static/contentIndex.json
[200] /static/icon.png
[302] /wishlist -> /wishlist/
[200] /wishlist/
[200] /index.css
[200] /prescript.js
[200] /postscript.js
[200] /static/contentIndex.json
[200] /static/icon.png
[200] /wishlist/
[200] /index.css
[200] /prescript.js
[200] /postscript.js
[200] /static/contentIndex.json
[200] /static/icon.png
[200] /MermaidJS
[200] /index.css
[200] /prescript.js
[200] /postscript.js
[200] /static/contentIndex.json
[200] /static/icon.png
[200] /MermaidJS
[200] /index.css
[200] /prescript.js
[200] /postscript.js
[200] /static/contentIndex.json
[200] /static/icon.png
[200] /
[200] /index.css
[200] /prescript.js
[200] /postscript.js
[200] /static/contentIndex.json
[200] /static/icon.png
[200] /
[200] /static/icon.png
[302] /tags -> /tags/
[200] /tags/
[200] /index.css
[200] /prescript.js
[200] /postscript.js
[200] /static/contentIndex.json
[200] /static/icon.png
[200] /tags/
[200] /index.css
[200] /prescript.js
[200] /postscript.js
[200] /static/contentIndex.json
[200] /static/icon.png
[302] /wishlist -> /wishlist/
[200] /wishlist/
[200] /static/icon.png
[200] /wishlist/
[200] /index.css
[200] /prescript.js
[200] /postscript.js
[200] /static/contentIndex.json
[200] /MermaidJS
[200] /index.css
[200] /prescript.js
[200] /postscript.js
[200] /static/contentIndex.json
[200] /static/icon.png
[200] /MermaidJS
[200] /
[200] /index.css
[200] /prescript.js
[200] /postscript.js
[200] /static/contentIndex.json
[200] /static/icon.png
[200] /
[200] /static/icon.png
[302] /tags -> /tags/
[200] /tags/
[200] /index.css
[200] /prescript.js
[200] /postscript.js
[200] /static/contentIndex.json
[200] /tags/
[200] /index.css
[200] /prescript.js
[200] /postscript.js
[200] /static/icon.png
[302] /wishlist -> /wishlist/
[200] /wishlist/
[200] /static/icon.png
[200] /wishlist/
[200] /index.css
[200] /prescript.js
[200] /postscript.js
[200] /static/contentIndex.json
[200] /MermaidJS
[200] /static/icon.png
[200] /MermaidJS
[200] /
[200] /index.css
[200] /prescript.js
[200] /postscript.js
[200] /static/contentIndex.json
[200] /
[200] /static/icon.png
[302] /tags -> /tags/
[200] /tags/
[200] /tags/
[200] /index.css
[200] /prescript.js
[200] /postscript.js
[200] /static/contentIndex.json
[302] /wishlist -> /wishlist/
[200] /wishlist/
[200] /static/icon.png
[200] /wishlist/
[200] /MermaidJS
[200] /index.css
[200] /prescript.js
[200] /postscript.js
[200] /static/contentIndex.json
[200] /MermaidJS
